aarch64/intrinsics.pp=aarch64/System.Intrinsics.pp
{s*:aarch64/}=aarch64/
{i+:aarch64/}
aix/termio.pp=namespaced/common/UnixApi.TermIO.pp
{s*:aix/}=namespaced/common/
{i+:aix/}
amicommon/athreads.pp=namespaced/common/AmigaApi.AThreads.pp
{s*:amicommon/}=amicommon/
{i+:amicommon/}
amicommon/classes.pp=amicommon/System.Classes.pp
amicommon/dos.pp=namespaced/common/TP.DOS.pp
amicommon/lineinfo.pp=amicommon/System.LineInfo.pp
amicommon/sysutils.pp=amicommon/System.SysUtils.pp
android/cwstring.pp=namespaced/android/UnixApi.CWString.pp
{s*:android/}=namespaced/android/
{i+:android/}
android/jvm/androidr14.pas=namespaced/android/jvm/AndroidAPI.AndroidR14.pas
{s*:android/jvm/}=namespaced/android/jvm/
{i+:android/jvm/}
arm/cpu.pp=arm/System.CPU.pp
{s*:arm/}=arm/
{i+:arm/}
arm/intrinsics.pp=arm/System.Intrinsics.pp
atari/classes.pp=atari/System.Classes.pp
{s*:atari/}=atari/
{i+:atari/}
atari/dos.pp=namespaced/common/TP.DOS.pp
atari/sysutils.pp=atari/System.SysUtils.pp
avr/intrinsics.pp=avr/System.Intrinsics.pp
{s*:avr/}=avr/
{i+:avr/}
beos/baseunix.pp=namespaced/common/UnixApi.Base.pp
{s*:beos/}=namespaced/common/
{i+:beos/}
beos/bethreads.pp=namespaced/beos/BeosApi.Threads.bethreads.pp
beos/classes.pp=beos/System.Classes.pp
beos/termio.pp=namespaced/common/UnixApi.TermIO.pp
bsd/bsd.pas=namespaced/bsd/BsdApi.BSD.pas
{s*:bsd/}=namespaced/bsd/
{i+:bsd/}
bsd/sysctl.pp=namespaced/bsd/BsdApi.SysCtl.pp
charmaps/cp1250.pas=namespaced/common/System.CodePages.CP1250.pas
{s*:charmaps/}=charmaps/
{i+:charmaps/}
charmaps/cp1251.pas=namespaced/common/System.CodePages.CP1251.pas
charmaps/cp1252.pas=namespaced/common/System.CodePages.CP1252.pas
charmaps/cp1253.pas=namespaced/common/System.CodePages.CP1253.pas
charmaps/cp1254.pas=namespaced/common/System.CodePages.CP1254.pas
charmaps/cp1255.pas=namespaced/common/System.CodePages.CP1255.pas
charmaps/cp1256.pas=namespaced/common/System.CodePages.CP1256.pas
charmaps/cp1257.pas=namespaced/common/System.CodePages.CP1257.pas
charmaps/cp1258.pas=namespaced/common/System.CodePages.CP1258.pas
charmaps/cp3021.pas=namespaced/common/System.CodePages.CP3021.pas
charmaps/cp437.pas=namespaced/common/System.CodePages.CP437.pas
charmaps/cp646.pas=namespaced/common/System.CodePages.CP646.pas
charmaps/cp737.pas=namespaced/common/System.CodePages.CP737.pas
charmaps/cp775.pas=namespaced/common/System.CodePages.CP775.pas
charmaps/cp850.pas=namespaced/common/System.CodePages.CP850.pas
charmaps/cp852.pas=namespaced/common/System.CodePages.CP852.pas
charmaps/cp855.pas=namespaced/common/System.CodePages.CP855.pas
charmaps/cp856.pas=namespaced/common/System.CodePages.CP856.pas
charmaps/cp857.pas=namespaced/common/System.CodePages.CP857.pas
charmaps/cp860.pas=namespaced/common/System.CodePages.CP860.pas
charmaps/cp861.pas=namespaced/common/System.CodePages.CP861.pas
charmaps/cp862.pas=namespaced/common/System.CodePages.CP862.pas
charmaps/cp863.pas=namespaced/common/System.CodePages.CP863.pas
charmaps/cp864.pas=namespaced/common/System.CodePages.CP864.pas
charmaps/cp865.pas=namespaced/common/System.CodePages.CP865.pas
charmaps/cp866.pas=namespaced/common/System.CodePages.CP866.pas
charmaps/cp869.pas=namespaced/common/System.CodePages.CP869.pas
charmaps/cp874.pas=namespaced/common/System.CodePages.CP874.pas
charmaps/cp8859_1.pas=namespaced/common/System.CodePages.CP8859_1.pas
charmaps/cp8859_10.pas=namespaced/common/System.CodePages.CP8859_10.pas
charmaps/cp8859_11.pas=namespaced/common/System.CodePages.CP8859_11.pas
charmaps/cp8859_13.pas=namespaced/common/System.CodePages.CP8859_13.pas
charmaps/cp8859_14.pas=namespaced/common/System.CodePages.CP8859_14.pas
charmaps/cp8859_15.pas=namespaced/common/System.CodePages.CP8859_15.pas
charmaps/cp8859_16.pas=namespaced/common/System.CodePages.CP8859_16.pas
charmaps/cp8859_2.pas=namespaced/common/System.CodePages.CP8859_2.pas
charmaps/cp8859_3.pas=namespaced/common/System.CodePages.CP8859_3.pas
charmaps/cp8859_4.pas=namespaced/common/System.CodePages.CP8859_4.pas
charmaps/cp8859_5.pas=namespaced/common/System.CodePages.CP8859_5.pas
charmaps/cp8859_6.pas=namespaced/common/System.CodePages.CP8859_6.pas
charmaps/cp8859_7.pas=namespaced/common/System.CodePages.CP8859_7.pas
charmaps/cp8859_8.pas=namespaced/common/System.CodePages.CP8859_8.pas
charmaps/cp8859_9.pas=namespaced/common/System.CodePages.CP8859_9.pas
charmaps/cpall.pas=namespaced/common/System.CodePages.All.pas
charmaps/cpkoi8_r.pas=namespaced/common/System.CodePages.CPkoi8_r.pas
charmaps/cpkoi8_u.pas=namespaced/common/System.CodePages.CPkoi8_u.pas
darwin/console.pp=darwin/Amiga.Core.Console.pp
{s*:darwin/}=namespaced/common/
{i+:darwin/}
darwin/termio.pp=namespaced/common/UnixApi.TermIO.pp
dragonfly/console.pp=dragonfly/Amiga.Core.Console.pp
{s*:dragonfly/}=namespaced/common/
{i+:dragonfly/}
dragonfly/termio.pp=namespaced/common/UnixApi.TermIO.pp
embedded/aarch64/gpio.pp=namespaced/embedded/aarch64/EmbeddedApi.gpio.pp
{s*:embedded/aarch64/}=namespaced/embedded/aarch64/
{i+:embedded/aarch64/}
embedded/aarch64/mailbox.pp=namespaced/embedded/aarch64/EmbeddedApi.mailbox.pp
embedded/aarch64/mmio.pp=namespaced/embedded/aarch64/OS2Api.Mmio.pp
embedded/aarch64/raspi3.pp=namespaced/embedded/aarch64/EmbeddedApi.raspi3.pp
embedded/aarch64/raspiuart.pp=namespaced/embedded/aarch64/EmbeddedApi.raspiuart.pp
embedded/arm/allwinner_a20.pp=namespaced/embedded/arm/Embedded.allwinner_a20.pp
{s*:embedded/arm/}=namespaced/embedded/arm/
{i+:embedded/arm/}
embedded/arm/cortexm0.pp=namespaced/embedded/arm/ARMApi.cortexm0.pp
embedded/arm/cortexm3.pp=namespaced/embedded/arm/ARMApi.cortexm3.pp
embedded/arm/cortexm4.pp=namespaced/embedded/arm/ARMApi.cortexm4.pp
embedded/arm/cortexm7.pp=namespaced/embedded/arm/ARMApi.cortexm7.pp
embedded/arm/lm3fury.pp=namespaced/embedded/arm/EmbeddedApi.lm3fury.pp
embedded/arm/lm3tempest.pp=namespaced/embedded/arm/EmbeddedApi.lm3tempest.pp
embedded/arm/lm4f120.pp=namespaced/embedded/arm/EmbeddedApi.lm4f120.pp
embedded/arm/lpc11xx.pp=namespaced/embedded/arm/EmbeddedApi.lpc11xx.pp
embedded/arm/lpc122x.pp=namespaced/embedded/arm/EmbeddedApi.lpc122x.pp
embedded/arm/lpc13xx.pp=namespaced/embedded/arm/EmbeddedApi.lpc13xx.pp
embedded/arm/lpc1768.pp=namespaced/embedded/arm/EmbeddedApi.lpc1768.pp
embedded/arm/lpc21x4.pp=namespaced/embedded/arm/EmbeddedApi.lpc21x4.pp
embedded/arm/lpc8xx.pp=namespaced/embedded/arm/EmbeddedApi.lpc8xx.pp
embedded/arm/mk20d5.pp=namespaced/embedded/arm/EmbeddedApi.mk20d5.pp
embedded/arm/mk20d7.pp=namespaced/embedded/arm/EmbeddedApi.mk20d7.pp
embedded/arm/mk22f51212.pp=namespaced/embedded/arm/EmbeddedApi.mk22f51212.pp
embedded/arm/mk64f12.pp=namespaced/embedded/arm/EmbeddedApi.mk64f12.pp
embedded/arm/nrf51.pp=namespaced/embedded/arm/EmbeddedApi.nrf51.pp
embedded/arm/nrf52.pp=namespaced/embedded/arm/EmbeddedApi.nrf52.pp
embedded/arm/raspi2.pp=namespaced/embedded/arm/EmbeddedApi.raspi2.pp
embedded/arm/rp2040.pp=namespaced/embedded/arm/EmbeddedApi.rp2040.pp
embedded/arm/sam3x8e.pp=namespaced/embedded/arm/EmbeddedApi.sam3x8e.pp
embedded/arm/samd51p19a.pp=namespaced/embedded/arm/EmbeddedApi.samd51p19a.pp
embedded/arm/sc32442b.pp=namespaced/embedded/arm/EmbeddedApi.sc32442b.pp
embedded/arm/stm32f0xx.pp=namespaced/embedded/arm/EmbeddedApi.stm32f0xx.pp
embedded/arm/stm32f10x_cl.pp=namespaced/embedded/arm/EmbeddedApi.stm32f10x_cl.pp
embedded/arm/stm32f10x_conn.pp=namespaced/embedded/arm/EmbeddedApi.stm32f10x_conn.pp
embedded/arm/stm32f10x_hd.pp=namespaced/embedded/arm/EmbeddedApi.stm32f10x_hd.pp
embedded/arm/stm32f10x_ld.pp=namespaced/embedded/arm/EmbeddedApi.stm32f10x_ld.pp
embedded/arm/stm32f10x_md.pp=namespaced/embedded/arm/EmbeddedApi.stm32f10x_md.pp
embedded/arm/stm32f10x_xl.pp=namespaced/embedded/arm/EmbeddedApi.stm32f10x_xl.pp
embedded/arm/stm32f401xx.pp=namespaced/embedded/arm/EmbeddedApi.stm32f401xx.pp
embedded/arm/stm32f407xx.pp=namespaced/embedded/arm/EmbeddedApi.stm32f407xx.pp
embedded/arm/stm32f411xe.pp=namespaced/embedded/arm/EmbeddedApi.stm32f411xe.pp
embedded/arm/stm32f429.pp=namespaced/embedded/arm/EmbeddedApi.stm32f429.pp
embedded/arm/stm32f429xx.pp=namespaced/embedded/arm/EmbeddedApi.stm32f429xx.pp
embedded/arm/stm32f446xx.pp=namespaced/embedded/arm/EmbeddedApi.stm32f446xx.pp
embedded/arm/stm32f745.pp=namespaced/embedded/arm/EmbeddedApi.stm32f745.pp
embedded/arm/stm32f746.pp=namespaced/embedded/arm/EmbeddedApi.stm32f746.pp
embedded/arm/stm32f756.pp=namespaced/embedded/arm/EmbeddedApi.stm32f756.pp
embedded/arm/xmc4500.pp=namespaced/embedded/arm/EmbeddedApi.xmc4500.pp
embedded/classes.pp=embedded/System.Classes.pp
{s*:embedded/}=embedded/
{i+:embedded/}
embedded/consoleio.pp=namespaced/embedded/Amiga.Utils.Consoleio.pp
embedded/dos.pp=namespaced/common/TP.DOS.pp
embedded/heapmgr.pp=namespaced/embedded/EmbeddedApi.HeapMGR.pp
embedded/i386/multiboot.pp=namespaced/embedded/i386/EmbeddedApi.multiboot.pp
{s*:embedded/i386/}=namespaced/embedded/i386/
{i+:embedded/i386/}
embedded/riscv32/fe310g000.pp=namespaced/embedded/riscv32/EmbeddedApi.fe310g000.pp
{s*:embedded/riscv32/}=namespaced/embedded/riscv32/
{i+:embedded/riscv32/}
embedded/riscv32/fe310g002.pp=namespaced/embedded/riscv32/EmbeddedApi.fe310g002.pp
embedded/riscv32/gd32vf103xx.pp=namespaced/embedded/riscv32/EmbeddedApi.gd32vf103xx.pp
embedded/sysutils.pp=embedded/System.SysUtils.pp
embedded/xtensa/esp8266.pp=embedded/xtensa/System.esp8266.pp
{s*:embedded/xtensa/}=embedded/xtensa/
{i+:embedded/xtensa/}
emx/dos.pas=namespaced/common/TP.DOS.pas
{s*:emx/}=emx/
{i+:emx/}
emx/emx.pas=namespaced/emx/DOSApi.EMX.pas
emx/ports.pas=emx/System.Ports.pas
emx/sysemx.pas=emx/DOSApi.sysemx.pas
emx/sysutils.pp=emx/System.SysUtils.pp
freebsd/console.pp=freebsd/Amiga.Core.Console.pp
{s*:freebsd/}=namespaced/common/
{i+:freebsd/}
freebsd/freebsd.pas=namespaced/freebsd/FreeBSDApi.FreeBSD.pas
freebsd/termio.pp=namespaced/common/UnixApi.TermIO.pp
freertos/arm/cortexm0.pp=namespaced/embedded/arm/ARMApi.cortexm0.pp
{s*:freertos/arm/}=namespaced/freertos/arm/
{i+:freertos/arm/}
freertos/arm/cortexm3.pp=namespaced/embedded/arm/ARMApi.cortexm3.pp
freertos/arm/cortexm4.pp=namespaced/embedded/arm/ARMApi.cortexm4.pp
freertos/arm/cortexm7.pp=namespaced/embedded/arm/ARMApi.cortexm7.pp
freertos/arm/stm32f103xe.pp=namespaced/freertos/arm/EmbeddedApi.stm32f103xe.pp
freertos/arm/stm32f401xe.pp=namespaced/freertos/arm/EmbeddedApi.stm32f401xe.pp
freertos/arm/stm32g071xx.pp=namespaced/freertos/arm/EmbeddedApi.stm32g071xx.pp
freertos/classes.pp=freertos/System.Classes.pp
{s*:freertos/}=freertos/
{i+:freertos/}
freertos/consoleio.pp=namespaced/embedded/Amiga.Utils.Consoleio.pp
freertos/dos.pp=namespaced/common/TP.DOS.pp
freertos/heapmgr.pp=namespaced/embedded/EmbeddedApi.HeapMGR.pp
freertos/riscv32/esp32c2.pp=freertos/riscv32/System.esp32c2.pp
{s*:freertos/riscv32/}=freertos/riscv32/
{i+:freertos/riscv32/}
freertos/riscv32/esp32c2idf_50000.pp=freertos/riscv32/System.esp32c2idf_50000.pp
freertos/riscv32/esp32c2idf_50200.pp=freertos/riscv32/System.esp32c2idf_50200.pp
freertos/riscv32/esp32c3.pp=freertos/riscv32/System.esp32c3.pp
freertos/riscv32/esp32c3idf_40400.pp=freertos/riscv32/System.esp32c3idf_40400.pp
freertos/riscv32/esp32c3idf_50000.pp=freertos/riscv32/System.esp32c3idf_50000.pp
freertos/riscv32/esp32c3idf_50200.pp=freertos/riscv32/System.esp32c3idf_50200.pp
freertos/riscv32/esp32c6.pp=freertos/riscv32/System.esp32c6.pp
freertos/riscv32/esp32c6idf_50200.pp=freertos/riscv32/System.esp32c6idf_50200.pp
freertos/sysutils.pp=freertos/System.SysUtils.pp
freertos/xtensa/esp32.pp=freertos/xtensa/System.esp32.pp
{s*:freertos/xtensa/}=freertos/xtensa/
{i+:freertos/xtensa/}
freertos/xtensa/esp32s2.pp=freertos/xtensa/System.esp32s2.pp
freertos/xtensa/esp32s3.pp=freertos/xtensa/System.esp32s3.pp
freertos/xtensa/esp8266.pp=freertos/xtensa/System.esp8266.pp
freertos/xtensa/esp8266rtos_30300.pp=freertos/xtensa/System.esp8266rtos_30300.pp
freertos/xtensa/esp8266rtos_30400.pp=freertos/xtensa/System.esp8266rtos_30400.pp
freertos/xtensa/espidf_40100.pp=freertos/xtensa/System.espidf_40100.pp
freertos/xtensa/espidf_40200.pp=freertos/xtensa/System.espidf_40200.pp
freertos/xtensa/espidf_40400.pp=freertos/xtensa/System.espidf_40400.pp
freertos/xtensa/espidf_50000.pp=freertos/xtensa/System.espidf_50000.pp
freertos/xtensa/espidf_50200.pp=freertos/xtensa/System.espidf_50200.pp
gba/classes.pp=gba/System.Classes.pp
{s*:gba/}=gba/
{i+:gba/}
gba/dos.pp=namespaced/common/TP.DOS.pp
gba/sysutils.pp=gba/System.SysUtils.pp
go32v2/classes.pp=go32v2/System.Classes.pp
{s*:go32v2/}=go32v2/
{i+:go32v2/}
go32v2/dos.pp=namespaced/common/TP.DOS.pp
go32v2/dpmiexcp.pp=namespaced/go32v2/DOSApi.dpmiexcp.pp
go32v2/dxeload.pp=namespaced/go32v2/DOSApi.dxeload.pp
go32v2/dxetype.pp=namespaced/go32v2/DOSApi.dxetype.pp
go32v2/emu387.pp=namespaced/go32v2/DOSApi.EMU387.pp
go32v2/go32.pp=namespaced/go32v2/DOSApi.GO32.pp
go32v2/initc.pp=go32v2/System.InitC.pp
go32v2/msmouse.pp=namespaced/go32v2/DOSApi.MSMouse.pp
go32v2/ports.pp=go32v2/System.Ports.pp
go32v2/profile.pp=namespaced/go32v2/DOSApi.profile.pp
go32v2/sysutils.pp=go32v2/System.SysUtils.pp
haiku/baseunix.pp=namespaced/common/UnixApi.Base.pp
{s*:haiku/}=namespaced/common/
{i+:haiku/}
haiku/classes.pp=haiku/System.Classes.pp
haiku/termio.pp=namespaced/common/UnixApi.TermIO.pp
human68k/classes.pp=human68k/System.Classes.pp
{s*:human68k/}=human68k/
{i+:human68k/}
human68k/dos.pp=namespaced/common/TP.DOS.pp
human68k/sysutils.pp=human68k/System.SysUtils.pp
i386/cpu.pp=i386/System.CPU.pp
{s*:i386/}=i386/
{i+:i386/}
i386/intrinsics.pp=i386/System.Intrinsics.pp
i386/mmx.pp=i386/System.CPU.MMX.pp
i8086/cpu.pp=i8086/System.CPU.pp
{s*:i8086/}=i8086/
{i+:i8086/}
inc/blockrtl.pp=namespaced/common/CApi.BlockRtl.pp
{s*:inc/}=inc/
{i+:inc/}
inc/charset.pp=namespaced/common/System.CharSet.pp
inc/cmem.pp=namespaced/common/System.CMem.pp
inc/ctypes.pp=namespaced/common/System.CTypes.pp
inc/dynlibs.pas=namespaced/common/System.DynLibs.pas
inc/exeinfo.pp=namespaced/common/System.ExeInfo.pp
inc/getopts.pp=namespaced/common/System.GetOpts.pp
inc/lineinfo.pp=namespaced/common/System.LineInfo.pp
inc/lnfodwrf.pp=namespaced/common/System.LineInfo.Dwarf.pp
inc/lstrings.pp=namespaced/common/System.LStrings.pp
inc/nothreads.pp=namespaced/common/System.NoThreads.pp
inc/objc.pp=namespaced/common/System.ObjC.pp
inc/objcbase.pp=namespaced/common/System.ObjCBase.pp
inc/sfpu128.pp=namespaced/common/System.SoftFpu128.pp
inc/sfpux80.pp=namespaced/common/System.SoftFpuX80.pp
inc/softfpu.pp=namespaced/common/System.SoftFPU.pp
inc/sortbase.pp=namespaced/common/System.SortBase.pp
inc/strings.pp=namespaced/common/System.Strings.pp
inc/ufloat128.pp=namespaced/common/System.UFloat128.pp
inc/ufloatx80.pp=namespaced/common/System.UFloatX80.pp
java/jdk15.pas=namespaced/java/JavaApi.JDK15.pas
{s*:java/}=namespaced/java/
{i+:java/}
linux/fpcylix.pp=linux/System.FPCylix.pp
{s*:linux/}=namespaced/common/
{i+:linux/}
linux/linux.pp=namespaced/linux/LinuxApi.pp
linux/linuxvcs.pp=namespaced/linux/LinuxApi.Vcs.pp
linux/termio.pp=namespaced/common/UnixApi.TermIO.pp
macos/classes.pp=macos/System.Classes.pp
{s*:macos/}=macos/
{i+:macos/}
macos/dos.pp=namespaced/common/TP.DOS.pp
macos/macos.pp=namespaced/macos/MacOsApi.MacOS.pp
macos/macostp.pp=namespaced/macos/MacOSApi.MacOSTP.pp
macos/macutils.pp=namespaced/macos/MacOSApi.MacUtils.pp
macos/sysutils.pp=macos/System.SysUtils.pp
msdos/classes.pp=msdos/System.Classes.pp
{s*:msdos/}=msdos/
{i+:msdos/}
msdos/dos.pp=namespaced/common/TP.DOS.pp
msdos/msmouse.pp=namespaced/go32v2/DOSApi.MSMouse.pp
msdos/ports.pp=msdos/System.Ports.pp
msdos/sysutils.pp=msdos/System.SysUtils.pp
nativent/classes.pp=nativent/System.Classes.pp
{s*:nativent/}=nativent/
{i+:nativent/}
nativent/ddk.pas=namespaced/nativent/NTApi.ddk.pas
nativent/dos.pp=namespaced/common/TP.DOS.pp
nativent/ndk.pas=namespaced/nativent/NTApi.NDK.pas
nativent/ndkutils.pas=namespaced/nativent/NTApi.NDKUtils.pas
nativent/sysutils.pp=nativent/System.SysUtils.pp
nds/classes.pp=nds/System.Classes.pp
{s*:nds/}=nds/
{i+:nds/}
nds/dos.pp=namespaced/common/TP.DOS.pp
nds/sysutils.pp=nds/System.SysUtils.pp
netbsd/termio.pp=namespaced/common/UnixApi.TermIO.pp
{s*:netbsd/}=namespaced/common/
{i+:netbsd/}
netware/aio.pp=namespaced/netware/NetWareApi.aio.pp
{s*:netware/}=netware/
{i+:netware/}
netware/classes.pp=netware/System.Classes.pp
netware/dos.pp=namespaced/common/TP.DOS.pp
netware/initc.pp=netware/System.InitC.pp
netware/netware.pp=namespaced/netware/NetwareApi.NetWare.pp
netware/nwcalls.pp=namespaced/netware/NetWareApi.nwcalls.pp
netware/nwnit.pp=namespaced/netware/NetWareApi.nwnit.pp
netware/nwpre.pp=namespaced/netware/NetWareApi.nwpre.pp
netware/nwprot.pp=namespaced/netware/NetWareApi.nwprot.pp
netware/nwserv.pp=namespaced/netware/NetWareApi.nwserv.pp
netware/nwsnut.pp=namespaced/netware/NetWareApi.nwsnut.pp
netware/sysutils.pp=netware/System.SysUtils.pp
netwlibc/classes.pp=netwlibc/System.Classes.pp
{s*:netwlibc/}=netwlibc/
{i+:netwlibc/}
netwlibc/dos.pp=namespaced/common/TP.DOS.pp
netwlibc/initc.pp=netwlibc/System.InitC.pp
netwlibc/libc.pp=namespaced/netwlibc/Api.Libc.pp
netwlibc/nwsnut.pp=namespaced/netware/NetWareApi.nwsnut.pp
netwlibc/sysutils.pp=netwlibc/System.SysUtils.pp
objpas/character.pas=namespaced/common/System.Character.pas
{s*:objpas/}=objpas/
{i+:objpas/}
objpas/fgl.pp=namespaced/common/System.FGL.pp
objpas/fpwidestring.pp=namespaced/common/System.FPWideString.pp
objpas/math.pp=namespaced/common/System.Math.pp
objpas/rtlconsts.pp=namespaced/common/System.RtlConsts.pp
objpas/sysconst.pp=namespaced/common/System.SysConst.pp
objpas/types.pp=namespaced/common/System.Types.pp
objpas/typinfo.pp=namespaced/common/System.TypInfo.pp
objpas/unicodedata.pas=namespaced/common/System.CodePages.UnicodeData.pas
openbsd/termio.pp=namespaced/common/UnixApi.TermIO.pp
{s*:openbsd/}=namespaced/common/
{i+:openbsd/}
os2/classes.pp=os2/System.Classes.pp
{s*:os2/}=namespaced/os2/
{i+:os2/}
os2/dos.pas=namespaced/common/TP.DOS.pas
os2/doscall2.pas=namespaced/os2/OS2Api.doscall2.pas
os2/doscalls.pas=namespaced/os2/OS2Api.doscalls.pas
os2/exe.pas=namespaced/os2/OS2Api.exe.pas
os2/kbdcalls.pas=namespaced/os2/OS2Api.kbdcalls.pas
os2/moncalls.pas=namespaced/os2/OS2Api.moncalls.pas
os2/moucalls.pas=namespaced/os2/OS2Api.moucalls.pas
os2/newexe.pas=namespaced/os2/OS2Api.newexe.pas
os2/os2def.pas=namespaced/os2/OS2Api.os2def.pas
os2/pmbidi.pas=namespaced/os2/OS2Api.pmbidi.pas
os2/pmbitmap.pas=namespaced/os2/OS2Api.pmbitmap.pas
os2/pmdev.pas=namespaced/os2/OS2Api.pmdev.pas
os2/pmgpi.pas=namespaced/os2/OS2Api.pmgpi.pas
os2/pmhelp.pas=namespaced/os2/OS2Api.pmhelp.pas
os2/pmshl.pas=namespaced/os2/OS2Api.pmshl.pas
os2/pmspl.pas=namespaced/os2/OS2Api.pmspl.pas
os2/pmstddlg.pas=namespaced/os2/OS2Api.pmstddlg.pas
os2/pmwin.pas=namespaced/os2/OS2Api.pmwin.pas
os2/pmwp.pas=namespaced/os2/OS2Api.pmwp.pas
os2/pmwsock.pas=namespaced/os2/OS2Api.pmwsock.pas
os2/ports.pas=os2/System.Ports.pas
os2/so32dll.pas=namespaced/os2/OS2Api.so32dll.pas
os2/sysos2.pas=os2/OS2Api.sysos2.pas
os2/sysutils.pp=os2/System.SysUtils.pp
os2/viocalls.pas=namespaced/os2/OS2Api.viocalls.pas
palmos/api/common.pp=palmos/api/PalmApi.common.pp
{s*:palmos/api/}=palmos/api/
{i+:palmos/api/}
palmos/api/sysall.pp=palmos/api/PalmApi.sysall.pp
palmos/api/systraps.pp=namespaced/palmos/PalmApi.systraps.pp
palmos/api/ui.pp=palmos/api/PalmApi.ui.pp
palmos/pilot.pp=namespaced/palmos/PalmApi.pilot.pp
{s*:palmos/}=namespaced/palmos/
{i+:palmos/}
palmos/systraps.pp=namespaced/palmos/PalmApi.systraps.pp
powerpc/intrinsics.pp=powerpc/System.Intrinsics.pp
{s*:powerpc/}=powerpc/
{i+:powerpc/}
powerpc64/intrinsics.pp=powerpc64/System.Intrinsics.pp
{s*:powerpc64/}=powerpc64/
{i+:powerpc64/}
qnx/posix.pp=namespaced/qnx/QNXApi.Posix.pp
{s*:qnx/}=namespaced/qnx/
{i+:qnx/}
riscv32/intrinsics.pp=riscv32/System.Intrinsics.pp
{s*:riscv32/}=riscv32/
{i+:riscv32/}
riscv64/intrinsics.pp=riscv64/System.Intrinsics.pp
{s*:riscv64/}=riscv64/
{i+:riscv64/}
sinclairql/classes.pp=sinclairql/System.Classes.pp
{s*:sinclairql/}=sinclairql/
{i+:sinclairql/}
sinclairql/sysutils.pp=sinclairql/System.SysUtils.pp
solaris/termio.pp=namespaced/common/UnixApi.TermIO.pp
{s*:solaris/}=namespaced/common/
{i+:solaris/}
symbian/classes.pp=symbian/System.Classes.pp
{s*:symbian/}=namespaced/symbian/
{i+:symbian/}
symbian/dos.pp=namespaced/common/TP.DOS.pp
symbian/symbian.pas=namespaced/symbian/SymbianApi.Symbian.pas
symbian/sysutils.pp=symbian/System.SysUtils.pp
symbian/uiq.pas=namespaced/symbian/SymbianApi.uiq.pas
symbian/uiqclasses.pas=namespaced/symbian/SymbianApi.uiqclasses.pas
unix/baseunix.pp=namespaced/common/UnixApi.Base.pp
{s*:unix/}=unix/
{i+:unix/}
unix/classes.pp=unix/System.Classes.pp
unix/cthreads.pp=namespaced/common/UnixApi.CThreads.pp
unix/cwstring.pp=namespaced/android/UnixApi.CWString.pp
unix/dl.pp=namespaced/common/UnixApi.Dl.pp
unix/dos.pp=namespaced/common/TP.DOS.pp
unix/errors.pp=namespaced/common/UnixApi.Errors.pp
unix/initc.pp=unix/System.InitC.pp
unix/lnfogdb.pp=unix/System.LineInfo.Gdb.pp
unix/ports.pp=unix/System.Ports.pp
unix/syscall.pp=namespaced/common/UnixApi.SysCall.pp
unix/sysutils.pp=unix/System.SysUtils.pp
unix/unix.pp=namespaced/common/UnixApi.Unix.pp
unix/unixcp.pp=namespaced/common/UnixApi.CP.pp
unix/unixtype.pp=namespaced/common/UnixApi.Types.pp
unix/unixutil.pp=namespaced/common/UnixApi.Utils.pp
unix/x86.pp=unix/System.X86.pp
wasicommon/classes.pp=namespaced/common/System.Classes.pp
{s*:wasicommon/}=namespaced/wasi/
{i+:wasicommon/}
wasicommon/dos.pp=namespaced/common/TP.DOS.pp
wasicommon/sysutils.pp=namespaced/common/System.SysUtils.pp
wasicommon/wasiapi.pp=namespaced/wasi/WASIApi.WASIApi.pp
wasicommon/wasiutil.pp=namespaced/wasi/WASIApi.WASIUtil.pp
wasm32/wasmsem.pas=namespaced/wasm32/Wasm.Semaphore.pp
{s*:wasm32/}=namespaced/wasm32/
{i+:wasm32/}
wasm32/webassembly.pp=namespaced/wasm32/Wasm.Api.pp
watcom/classes.pp=watcom/System.Classes.pp
{s*:watcom/}=namespaced/watcom/
{i+:watcom/}
watcom/dos.pp=namespaced/common/TP.DOS.pp
watcom/sysutils.pp=watcom/System.SysUtils.pp
watcom/watcom.pp=namespaced/watcom/WatcomApi.WatCom.pp
wii/classes.pp=wii/System.Classes.pp
{s*:wii/}=wii/
{i+:wii/}
wii/dos.pp=namespaced/common/TP.DOS.pp
wii/sysutils.pp=wii/System.SysUtils.pp
win/dos.pp=namespaced/common/TP.DOS.pp
{s*:win/}=namespaced/windows/
{i+:win/}
win/fpcmemdll.pp=win/System.FPCMemDLL.pp
win/messages.pp=namespaced/windows/WinApi.Messages.pp
win/sharemem.pp=namespaced/windows/WinApi.ShareMem.pp
win/sysutils.pp=win/System.SysUtils.pp
win/windirs.pp=namespaced/windows/WinApi.WinDirs.pp
win16/classes.pp=win16/System.Classes.pp
{s*:win16/}=namespaced/windows/
{i+:win16/}
win16/dos.pp=namespaced/common/TP.DOS.pp
win16/ports.pp=win16/System.Ports.pp
win16/sysutils.pp=win16/System.SysUtils.pp
win16/win31.pp=namespaced/windows/WinApi.Win31.pp
win16/winprocs.pp=namespaced/windows/WinApi.WinProcs.pp
win16/wintypes.pp=namespaced/windows/WinApi.WinTypes.pp
win32/classes.pp=win32/System.Classes.pp
{s*:win32/}=namespaced/windows/
{i+:win32/}
win32/initc.pp=win32/System.InitC.pp
win32/signals.pp=namespaced/windows/WinApi.Signals.pp
win32/windows.pp=namespaced/windows/WinApi.Windows.pp
win32/winsysut.pp=namespaced/windows/WinApi.WinSysUt.pp
win64/classes.pp=win64/System.Classes.pp
{s*:win64/}=namespaced/windows/
{i+:win64/}
win64/signals.pp=namespaced/windows/WinApi.Signals.pp
win64/windows.pp=namespaced/windows/WinApi.Windows.pp
wince/classes.pp=wince/System.Classes.pp
{s*:wince/}=namespaced/windows/
{i+:wince/}
wince/dos.pp=namespaced/common/TP.DOS.pp
wince/messages.pp=namespaced/windows/WinApi.Messages.pp
wince/sysutils.pp=wince/System.SysUtils.pp
wince/windows.pp=namespaced/windows/WinApi.Windows.pp
x86_64/cpu.pp=x86_64/System.CPU.pp
{s*:x86_64/}=x86_64/
{i+:x86_64/}
x86_64/intrinsics.pp=x86_64/System.Intrinsics.pp
