[25m[1m[37m[47mษอ[[32mþ[37m]ออออออออออออออออออออออออออ Breakpoint list อออออออออออออออออออออออออออ[[32m[37m]อป
บ[21m[30m Type      | State   | Position          | Ignore | Conditions                [1m[37mบ
บ[21m[30mฤฤฤฤฤฤฤฤฤฤฤฤฤฤฤฤฤฤฤฤฤฤฤฤฤฤฤฤฤฤฤฤฤฤฤฤฤฤฤฤฤฤฤฤฤฤฤฤฤฤฤฤฤฤฤฤฤฤฤฤฤฤฤฤฤฤฤฤฤฤฤฤฤฤฤฤฤฤ[1m[37mบ
บ[42m file-line |disabled |hello.pp:9         |        |                           [21m[36m[44m
[1m[37m[47mบ[21m[30m                                                                              [36m[44mฒ
[1m[37m[47mบ[21m[30m                                                                              [36m[44mฒ
[1m[37m[47mบ[21m[30m                                                                              [36m[44mฒ
[1m[37m[47mบ[21m[30m                                                                              [36m[44mฒ
[1m[37m[47mบ[21m[30m                                                                              [36m[44mฒ
[1m[37m[47mบ[21m[30m                                                                              [36m[44mฒ
[1m[37m[47mบ[21m[30m                                                                              [36m[44mฒ
[1m[37m[47mบ[21m[30m                                                                              [36m[44m
[1m[37m[47mบ[21m[36m[44mþฑฑฑฑฑฑฑฑฑฑฑฑฑฑฑฑฑฑฑฑฑฑฑฑฑฑฑฑฑฑฑฑฑฑฑฑฑฑฑฑฑฑฑฑฑฑฑฑฑฑฑฑฑฑฑฑฑฑฑฑฑฑฑฑฑฑฑฑฑฑฑฑฑฑฑ[1m[37m[47mบ
บ                                                                              บ
บ      [21m[30m [1m[36m[42m [33mC[36mlose  [21m[30m[47mÜ[1m[37m         [21m[30m [42m  [1m[33mN[21m[30mew   [47mÜ[1m[37m         [21m[30m [42m  [1m[33mE[21m[30mdit  [47mÜ[1m[37m         [21m[30m [42m [1m[33mD[21m[30melete [47mÜ[1m[37m     บ
บ      [21m[30m  ฿฿฿฿฿฿฿฿[1m[37m         [21m[30m  ฿฿฿฿฿฿฿฿[1m[37m         [21m[30m  ฿฿฿฿฿฿฿฿[1m[37m         [21m[30m  ฿฿฿฿฿฿฿฿[1m[37m     บ
บ                                                                              บ
ศอออออออออออออออออออออออออออออออออออออออออออออออออออออออออออออออออออออออออออออ[32mฤู
