[25m[1m[37m[47mษอ[[32mþ[37m]ออออออออ Calculator ออออออออออออป
บ                                    บ
บ  [44m                              0 [47m  บ
บ                                    บ
บ [21m[30m [42m M+ [47mÜ [42m x^y [47mÜ [42m C [47mÜ [42m  [47mÜ [42m % [47mÜ [42m ๑ [47mÜ[1m[37m  บ
บ [21m[30m  ฿฿฿฿  ฿฿฿฿฿  ฿฿฿  ฿฿฿  ฿฿฿  ฿฿฿[1m[37m  บ
บ [21m[30m [42m M- [47mÜ [42m x^2 [47mÜ [42m 7 [47mÜ [42m 8 [47mÜ [42m 9 [47mÜ [42m / [47mÜ[1m[37m  บ
บ [21m[30m  ฿฿฿฿  ฿฿฿฿฿  ฿฿฿  ฿฿฿  ฿฿฿  ฿฿฿[1m[37m  บ
บ [21m[30m [42m M