[25m[1m[37m[46mษอ[[32mþ[37m]อออออออ Call Stack ออออออออ[[32m[37m]อป
บ[42m hello.pas(11) DOHELLO ()          [21m[36m[44m
[1m[37m[46mบ[21m[30m[47m hello.pas(15) main ()             [36m[44mþ
[1m[37m[46mบ[21m[30m[47m                                   [36m[44mฑ
[1m[37m[46mบ[21m[30m[47m                                   [36m[44m
[1m[37m[46mศ[21m[36m[44mþฑฑฑฑฑฑฑฑฑฑฑฑฑฑฑฑฑฑฑฑฑฑฑฑฑฑฑฑฑฑฑฑ[1m[32m[46mู
