[25m[1m[37m[47mษอ[[32mþ[37m]อออออออออ Goto line ออออออออออออออป
บ                                      บ
บ   Enter new line [33mn[37mumber  [44m [42m1[44m     [21m[30m[42m[][1m[37m[47m  บ
บ                                      บ
บ       [21m[30m [1m[36m[42m   O[33mK[36m   [21m[30m[47mÜ[1m[37m     [21m[30m [42m Cancel [47mÜ[1m[37m      บ
บ       [21m[30m  ฿฿฿฿฿฿฿฿[1m[37m     [21m[30m  ฿฿฿฿฿฿฿฿[1m[37m      บ
ศออออออออออออออออออออออออออออออออออออออผ
