[25m[1m[37m[47mษอ[[32mþ[37m]อออออออออออออออออออออ Colors ออออออออออออออออออออออออออป
บ                                                           บ
บ  [33mG[37mroup            [21m[30m [1m[33mI[21m[30mtem[1m[37m                   ฺ[21m[30m [1m[33mF[21m[30moreground [1m[37mฟ  บ
บ  [42m Browser       [21m[36m[44m[1m[37m[47m  [33m[46m Frame passive      [21m[36m[44m[1m[37m[47m  ณ[21m[30mÛÛÛ[34m[40mÛÛ[32mÛÛÛ[36mÛÛÛ[1m[37m[47mณ  บ
บ  [21m[30m[46m Clock         [36m[44mþ[1m[37m[47m  [21m[30m[46m Frame active       [36m[44mþ[1m[37m[47m  ณ[21m[31m[40mÛÛÛ[35mÛÛÛ[33mÛÛÛ[37mÛÛÛ[1m[47mณ  บ
บ  [21m[30m[46m Desktop       [36m[44mฑ[1m[37m[47m  [21m[30m[46m Frame icon         [36m[44mฑ[1m[37m[47m  ณ[30m[40mÛÛÛ[34mÛÛÛ[32mÛÛÛ[36mÛÛÛ[37m[47mณ  บ
บ  [21m[30m[46m Dialogs       [36m[44mฑ[1m[37m[47m  [21m[30m[46m Scroll bar page    [36m[44mฑ[1m[37m[47m  ณ[31m[40mÛÛÛ[35mÛÛÛ[33mÛÛÛ[37mÛÛÛ[47mณ  บ
บ  [21m[30m[46m Editor        [36m[44mฑ[1m[37m[47m  [21m[30m[46m Scroll bar icons   [36m[44mฑ[1m[37m[47m  ภฤฤฤฤฤฤฤฤฤฤฤฤู  บ
บ  [21m[30m[46m Help          [36m[44mฑ[1m[37m[47m  [21m[30m[46m Normal text        [36m[44mฑ[1m[37m[47m  ฺ[21m[30m [1m[33mB[21m[30mackground [1m[37mฟ  บ
บ  [21m[30m[46m Menus         [36m[44mฑ[1m[37m[47m  [21m[30m[46m Selected text      [36m[44mฑ[1m[37m[47m  ณ[21m[30mÛÛÛ[34m[40mÛÛÛ[32mÛÛÛ[36mÛÛ[1m[37m[47mณ  บ
บ  [21m[30m[46m Syntax        [36m[44mฑ[1m[37m[47m  [21m[30m[46m Active item        [36m[44mฑ[1m[37m[47m  ณ[21m[31m[40mÛÛÛ[35mÛÛÛ[33mÛÛÛ[37mÛÛÛ[1m[47mณ  บ
บ  [21m[30m[46m               [36m[44mฑ[1m[37m[47m  [21m[30m[46m Inactive item      [36m[44mฑ[1m[37m[47m  ภฤฤฤฤฤฤฤฤฤฤฤฤู  บ
บ  [21m[30m[46m               [36m[44mฑ[1m[37m[47m  [21m[30m[46m Focused item       [36m[44mฑ[1m[37m[47m  [21m[34m[46mTextTextTextTe[1m[37m[47m  บ
บ  [21m[30m[46m               [36m[44m[1m[37m[47m  [21m[30m[46m Selected item      [36m[44m[1m[37m[47m  [21m[34m[46mTextTextTextTe[1m[37m[47m  บ
บ                                                           บ
บ                                   [21m[30m [1m[36m[42m   O[33mk[36m   [21m[30m[47mÜ[1m[37m  [21m[30m [42m Cancel [47mÜ[1m[37m  บ
บ                                   [21m[30m  ฿฿฿฿฿฿฿฿[1m[37m  [21m[30m  ฿฿฿฿฿฿฿฿[1m[37m  บ
ศอออออออออออออออออออออออออออออออออออออออออออออออออออออออออออผ
