[25m[1m[37m[47mษอ[[32mþ[37m]ออออออออ Memory sizes ออออออออออออป
บ                                      บ
บ   [33mS[37mtack size       [44m [42m131072[44m   [47m        บ
บ                                      บ
บ  [21m[30m [1m[33mH[21m[30meap size        [1m[37m[44m 2097152  [47m        บ
บ                                      บ
บ       [21m[30m [1m[36m[42m   O[33mK[36m   [21m[30m[47mÜ[1m[37m     [21m[30m [42m Cancel [47mÜ[1m[37m      บ
บ       [21m[30m  ฿฿฿฿฿฿฿฿[1m[37m     [21m[30m  ฿฿฿฿฿฿฿฿[1m[37m      บ
ศออออออออออออออออออออออออออออออออออออออผ
