[25m[1m[37m[47mÉÍ[[32mş[37m]ÍÍÍÍÍÍÍÍÍÍÍÍÍÍÍ Program Information ÍÍÍÍÍÍÍÍÍÍÍÍÍÍÍ[[32m[37m]Í»
º[21m[30m          Current module : d:\pas\cvs100\ide\test.pas      [1m[37mº
º[21m[30m          Last exit code : 0                               [1m[37mº
º[21m[30m        Available memory :   773K                          [1m[37mº
º[21m[30mÄÄÄÄÄÄÄÄÄÄÄÄÄÄÄÄÄÄÄÄÄÄÄÄÄÄÄÄÄÄÄÄÄÄÄÄÄÄÄÄÄÄÄÄÄÄÄÄÄÄÄÄÄÄÄÄÄÄÄ[1m[37mº
º[21m[30m                                                           [36m[44m
[1m[37m[47mº[21m[30m                                                           [36m[44m²
[1m[37m[47mº[21m[30m                                                           [36m[44m
[1m[37m[47mÈ[21m[36m[44m²²²²²²²²²²²²²²²²²²²²²²²²²²²²²²²²²²²²²²²²²²²²²²²²²²²²²²²²²[1m[32m[47mÙ
