[25m[1m[37m[46mษอ[[32mþ[37m]ออออออออออออ Watches ออออออออออ2อ[[32m[37m]อป
บ[42m a <Unknown value>                       [21m[36m[44m
[1m[37m[46mบ[21m[30m                                         [36m[44mþ
[1m[37m[46mบ[21m[30m                                         [36m[44mฑ
[1m[37m[46mบ[21m[30m                                         [36m[44m
[1m[37m[46mศ[21m[36m[44mฒฒฒฒฒฒฒฒฒฒฒฒฒฒฒฒฒฒฒฒฒฒฒฒฒฒฒฒฒฒฒฒฒฒฒฒฒฒฒ[1m[32m[46mู
