[25m[1m[37m[44mษอ[[32mþ[37m]อออออออออออออออออออ noname01.pas อออออออออออออออออ1อ[[32m[37m]อป
บ[33m                                                            [21m[34m[46m
[1m[37m[44mบ[33m                                                            [21m[34m[46mฑ
[1m[37m[44mบ[33m                                                            [21m[34m[46mฑ
[1m[37m[44mบ[33m                                                            [21m[34m[46mฑ
[1m[37m[44mบ[33m                                                            [21m[34m[46mฑ
[1m[37m[44mบ[33m                                                            [21m[34m[46mฑ
[1m[37m[44mบ[33m                                                            [21m[34m[46mþ
[1m[37m[44mบ[33m                                                            [21m[34m[46mฑ
[1m[37m[44mบ[33m                                                            [21m[34m[46mฑ
[1m[37m[44mบ[33m                                                            [21m[34m[46mฑ
[1m[37m[44mบ[33m                                                            [21m[34m[46mฑ
[1m[37m[44mบ[33m                                                            [21m[34m[46m
[1m[37m[44mศออ*SCออ56:1 อ[21m[34m[46mฑฑฑฑฑฑฑฑฑฑฑฑฑþฑฑฑฑฑฑฑฑฑฑฑฑฑฑฑฑฑฑฑฑฑฑฑฑฑฑฑฑฑฑฑ[1m[32m[44mู
